2026-09-05T10:15:50.893+05:30  WARN 7100 --- [product_management_backend] [HikariPool-1:housekeeper] com.zaxxer.hikari.pool.HikariPool        : HikariPool-1 - Thread starvation or clock leap detected (housekeeper delta=9h47m25s114ms170µs600ns).
2026-09-05T10:22:43.261+05:30  WARN 7100 --- [product_management_backend] [HikariPool-1:housekeeper] com.zaxxer.hikari.pool.HikariPool        : HikariPool-1 - Thread starvation or clock leap detected (housekeeper delta=1m52s276ms627µs400ns).
2026-09-05T10:28:47.969+05:30  WARN 7100 --- [product_management_backend] [HikariPool-1:housekeeper] com.zaxxer.hikari.pool.HikariPool        : HikariPool-1 - Thread starvation or clock leap detected (housekeeper delta=3m4s682ms297µs).
2026-09-05T10:36:37.925+05:30  WARN 7100 --- [product_management_backend] [HikariPool-1:housekeeper] com.zaxxer.hikari.pool.HikariPool        : HikariPool-1 - Thread starvation or clock leap detected (housekeeper delta=4m49s907ms19µs).
2026-09-05T12:20:32.301+05:30  INFO 16876 --- [product_management_backend] [restartedMain] .t.p.ProductManagementBackendApplication : Starting ProductManagementBackendApplication using Java 23 with PID 16876 (M:\Spring boot\product_management_backendd\target\classes started by vhema in M:\Spring boot\product_management_backendd)
2026-09-05T12:20:32.307+05:30  INFO 16876 --- [product_management_backend] [restartedMain] .t.p.ProductManagementBackendApplication : No active profile set, falling back to 1 default profile: "default"
2026-09-05T12:20:32.444+05:30  INFO 16876 --- [product_management_backend] [restartedMain] .e.DevToolsPropertyDefaultsPostProcessor : Devtools property defaults active! Set 'spring.devtools.add-properties' to 'false' to disable
2026-09-05T12:20:32.444+05:30  INFO 16876 --- [product_management_backend] [restartedMain] .e.DevToolsPropertyDefaultsPostProcessor : For additional web related logging consider setting the 'logging.level.web' property to 'DEBUG'
2026-09-05T12:20:33.368+05:30  INFO 16876 --- [product_management_backend] [restartedMain] .s.d.r.c.RepositoryConfigurationDelegate : Bootstrapping Spring Data JPA repositories in DEFAULT mode.
2026-09-05T12:20:33.434+05:30  INFO 16876 --- [product_management_backend] [restartedMain] .s.d.r.c.RepositoryConfigurationDelegate : Finished Spring Data repository scanning in 52 ms. Found 1 JPA repository interface.
2026-09-05T12:20:34.084+05:30  INFO 16876 --- [product_management_backend] [restartedMain] o.s.boot.tomcat.TomcatWebServer          : Tomcat initialized with port 8080 (http)
2026-09-05T12:20:34.104+05:30  INFO 16876 --- [product_management_backend] [restartedMain] o.apache.catalina.core.StandardService   : Starting service [Tomcat]
2026-09-05T12:20:34.104+05:30  INFO 16876 --- [product_management_backend] [restartedMain] o.apache.catalina.core.StandardEngine    : Starting Servlet engine: [Apache Tomcat/11.0.24]
2026-09-05T12:20:34.156+05:30  INFO 16876 --- [product_management_backend] [restartedMain] b.w.c.s.WebApplicationContextInitializer : Root WebApplicationContext: initialization completed in 1711 ms
2026-09-05T12:20:34.369+05:30  INFO 16876 --- [product_management_backend] [restartedMain] org.hibernate.orm.jpa                    : HHH008540: Processing PersistenceUnitInfo [name: default]
2026-09-05T12:20:34.456+05:30  INFO 16876 --- [product_management_backend] [restartedMain] org.hibernate.orm.core                   : HHH000001: Hibernate ORM core version 7.4.5.Final
2026-09-05T12:20:34.995+05:30  INFO 16876 --- [product_management_backend] [restartedMain] o.s.o.j.p.SpringPersistenceUnitInfo      : No LoadTimeWeaver setup: ignoring JPA class transformer
2026-09-05T12:20:35.037+05:30  INFO 16876 --- [product_management_backend] [restartedMain] com.zaxxer.hikari.HikariDataSource       : HikariPool-1 - Starting...
2026-09-05T12:20:35.892+05:30  INFO 16876 --- [product_management_backend] [restartedMain] com.zaxxer.hikari.pool.HikariPool        : HikariPool-1 - Added connection org.postgresql.jdbc.PgConnection@1e105664
2026-09-05T12:20:35.894+05:30  INFO 16876 --- [product_management_backend] [restartedMain] com.zaxxer.hikari.HikariDataSource       : HikariPool-1 - Start completed.
2026-09-05T12:20:35.965+05:30  WARN 16876 --- [product_management_backend] [restartedMain] org.hibernate.orm.deprecation            : HHH90000025: PostgreSQLDialect does not need to be specified explicitly using 'hibernate.dialect' (remove the property setting and it will be selected by default)
2026-09-05T12:20:36.020+05:30  INFO 16876 --- [product_management_backend] [restartedMain] org.hibernate.orm.connections.pooling    : HHH10001005: Database info:
	Database JDBC URL [jdbc:postgresql://localhost:5432/product_management_backend]
	Database driver: PostgreSQL JDBC Driver
	Database dialect: PostgreSQLDialect
	Database version: 18.1
	Default catalog/schema: product_management_backend/public
	Autocommit mode: undefined/unknown
	Isolation level: READ_COMMITTED [default READ_COMMITTED]
	JDBC fetch size: none
	Pool: DataSourceConnectionProvider
	Minimum pool size: undefined/unknown
	Maximum pool size: undefined/unknown
2026-09-05T12:20:37.451+05:30  INFO 16876 --- [product_management_backend] [restartedMain] org.hibernate.orm.core                   : HHH000489: No JTA platform available (set 'hibernate.transaction.jta.platform' to enable JTA platform integration)
2026-09-05T12:20:37.629+05:30  INFO 16876 --- [product_management_backend] [restartedMain] j.LocalContainerEntityManagerFactoryBean : Initialized JPA EntityManagerFactory for persistence unit 'default'
2026-09-05T12:20:37.787+05:30  INFO 16876 --- [product_management_backend] [restartedMain] o.s.d.j.r.query.QueryEnhancerFactories   : Hibernate is in classpath; If applicable, HQL parser will be used.
2026-09-05T12:20:37.980+05:30  WARN 16876 --- [product_management_backend] [restartedMain] JpaBaseConfiguration$JpaWebConfiguration : spring.jpa.open-in-view is enabled by default. Therefore, database queries may be performed during view rendering. Explicitly configure spring.jpa.open-in-view to disable this warning
2026-09-05T12:20:38.419+05:30  INFO 16876 --- [product_management_backend] [restartedMain] o.s.boot.tomcat.TomcatWebServer          : Tomcat started on port 8080 (http) with context path '/'
2026-09-05T12:20:38.427+05:30  INFO 16876 --- [product_management_backend] [restartedMain] .t.p.ProductManagementBackendApplication : Started ProductManagementBackendApplication in 7.096 seconds (process running for 8.376)
2026-09-05T12:20:57.618+05:30  INFO 16876 --- [product_management_backend] [http-nio-8080-exec-1] o.a.c.c.C.[Tomcat].[localhost].[/]       : Initializing Spring DispatcherServlet 'dispatcherServlet'
2026-09-05T12:20:57.619+05:30  INFO 16876 --- [product_management_backend] [http-nio-8080-exec-1] o.s.web.servlet.DispatcherServlet        : Initializing Servlet 'dispatcherServlet'
2026-09-05T12:20:57.623+05:30  INFO 16876 --- [product_management_backend] [http-nio-8080-exec-1] o.s.web.servlet.DispatcherServlet        : Completed initialization in 3 ms
2026-09-05T12:29:43.950+05:30  INFO 16876 --- [product_management_backend] [SpringApplicationShutdownHook] o.s.boot.tomcat.GracefulShutdown         : Commencing graceful shutdown. Waiting for active requests to complete
2026-09-05T12:29:43.953+05:30  INFO 16876 --- [product_management_backend] [tomcat-shutdown] o.s.boot.tomcat.GracefulShutdown         : Graceful shutdown complete
2026-09-05T12:29:43.956+05:30  INFO 16876 --- [product_management_backend] [SpringApplicationShutdownHook] j.LocalContainerEntityManagerFactoryBean : Closing JPA EntityManagerFactory for persistence unit 'default'
2026-09-05T12:29:43.959+05:30  INFO 16876 --- [product_management_backend] [SpringApplicationShutdownHook] com.zaxxer.hikari.HikariDataSource       : HikariPool-1 - Shutdown initiated...
2026-09-05T12:29:43.960+05:30  INFO 16876 --- [product_management_backend] [SpringApplicationShutdownHook] com.zaxxer.hikari.HikariDataSource       : HikariPool-1 - Shutdown completed.
